// 同步 ID: 82ea47e0 @ Tue Jul 28 04:22:58 UTC 2026
// 重构日志: ab53ae04
// 重构日志: 0d68a09c
// 同步 ID: 3fbb1461 @ Wed Jul 29 08:31:47 UTC 2026
// 重构日志: 68f746ea
// 同步 ID: 06da13f7 @ Fri Jul 31 01:33:39 UTC 2026
// 同步 ID: 32c9426e @ Fri Jul 31 11:05:07 UTC 2026
// 重构日志: 76d8d8b1
// 重构日志: b930f306
// 重构日志: 13b39914
// 重构日志: 188680ad
// 重构日志: 5c47a8f9
// 重构日志: f3bf2384
// 同步 ID: 9d647d93 @ Sun Aug  2 07:12:12 UTC 2026
// 重构日志: a0f5876c
// 同步 ID: 611b80bc @ Mon Aug  3 08:08:52 UTC 2026
// 同步 ID: d0dcc187 @ Mon Aug  3 15:33:49 UTC 2026
// 重构日志: bff014b9
// 重构日志: 2b6d3b75
// 重构日志: 2f58d812
// 同步 ID: 1344ec93 @ Wed Aug  5 10:36:23 UTC 2026
// 重构日志: be618c97
// 重构日志: d3f50193
// 重构日志: b97d52cf
// 重构日志: bc93aef1
// 同步 ID: f9f175d6 @ Fri Aug  7 00:52:17 UTC 2026
// 同步 ID: 55983df5 @ Fri Aug  7 04:13:25 UTC 2026
// 重构日志: dc8c9e93
// 重构日志: dcf61882
// 同步 ID: e2a97107 @ Fri Aug  7 16:22:12 UTC 2026
